2024/05/26 16:42:46 INFO  No DataConverter configured for temporal worker. Use default one.
2024/05/26 16:42:52 INFO  No DataConverter configured for temporal worker. Use default one.
2024/05/26 16:42:56 INFO  No DataConverter configured for temporal worker. Use default one.
2024/05/26 16:42:56 INFO  No DataConverter configured for temporal worker. Use default one.
2024/05/26 16:42:58 INFO  No DataConverter configured for temporal worker. Use default one.
2024/05/26 16:42:59 INFO  No DataConverter configured for temporal worker. Use default one.
2024/05/26 16:42:59 INFO  No DataConverter configured for temporal worker. Use default one.
2024/05/26 16:43:01 INFO  No DataConverter configured for temporal worker. Use default one.
2024/05/26 16:43:01 INFO  No DataConverter configured for temporal worker. Use default one.
2024/05/26 16:43:02 INFO  No DataConverter configured for temporal worker. Use default one.
2024/05/26 16:43:02 INFO  No DataConverter configured for temporal worker. Use default one.
2024/05/26 16:43:04 INFO  No DataConverter configured for temporal worker. Use default one.
2024/05/26 16:43:04 INFO  No DataConverter configured for temporal worker. Use default one.
2024/05/26 16:43:05 INFO  No DataConverter configured for temporal worker. Use default one.
2024/05/26 16:43:09 INFO  No DataConverter configured for temporal worker. Use default one.
2024/05/26 16:43:09 INFO  No DataConverter configured for temporal worker. Use default one.
2024/05/26 16:43:10 INFO  No DataConverter configured for temporal worker. Use default one.
2024/05/26 16:43:11 INFO  No DataConverter configured for temporal worker. Use default one.
2024/05/26 16:43:15 INFO  No DataConverter configured for temporal worker. Use default one.
2024/05/26 16:43:18 INFO  No DataConverter configured for temporal worker. Use default one.
2024/05/26 16:43:21 INFO  No DataConverter configured for temporal worker. Use default one.
2024/05/26 16:43:23 INFO  No DataConverter configured for temporal worker. Use default one.
2024/05/26 16:43:25 INFO  No DataConverter configured for temporal worker. Use default one.
2024/05/26 16:43:27 INFO  No DataConverter configured for temporal worker. Use default one.
2024/05/26 16:44:16 INFO  No DataConverter configured for temporal worker. Use default one.
2024/05/26 16:44:17 INFO  No DataConverter configured for temporal worker. Use default one.
2024/05/26 16:44:20 INFO  No DataConverter configured for temporal worker. Use default one.
2024/05/26 16:44:21 INFO  No DataConverter configured for temporal worker. Use default one.
2024/05/26 16:44:22 INFO  No DataConverter configured for temporal worker. Use default one.
2024/05/26 16:44:24 INFO  No DataConverter configured for temporal worker. Use default one.
2024/05/26 16:44:25 INFO  No DataConverter configured for temporal worker. Use default one.
2024/05/26 16:44:26 INFO  No DataConverter configured for temporal worker. Use default one.
2024/05/26 16:44:27 INFO  No DataConverter configured for temporal worker. Use default one.
2024/05/26 16:44:28 INFO  No DataConverter configured for temporal worker. Use default one.
2024/05/26 16:44:36 INFO  No DataConverter configured for temporal worker. Use default one.
